c:/Projects/core-main/venv/Scripts/python.exe : 
C:\Projects\core-main\venv\Lib\site-packages\django\views\generic\list.py:91: 
UnorderedObjectListWarning: Pagination may yield inconsistent results with an 
unordered object_list: <class 'blog.models.Post'> QuerySet.
At line:1 char:1
+ c:/Projects/core-main/venv/Scripts/python.exe c:/Projects/core-main/t ...
+ ~~~~~~~~~~~~~~~~~~~~~~~~~~~~~~~~~~~~~~~~~~~~~~~~~~~~~~~~~~~~~~~~~~~~~
    + CategoryInfo          : NotSpecified: (C:\Projects\cor...ost'> QuerySet. 
   :String) [], RemoteException
    + FullyQualifiedErrorId : NativeCommandError
 
  return self.paginator_class(

============================================================
  CORE-MAIN Blog -- Full Feature Test Suite
============================================================

== Test 1: Homepage (Public Access) ==
  [[92mPASS[0m] Homepage returns 200
  [[92mPASS[0m] Homepage renders post list content
  [[92mPASS[0m] Categories shown on homepage

== Test 2: Admin Panel ==
  [[92mPASS[0m] Admin login page loads
  [[92mPASS[0m] Superuser exists -- user=admin@gmail.com
  [[92mPASS[0m] Admin login via client.login()
  [[92mPASS[0m] Admin dashboard accessible
  [[92mPASS[0m] Admin post list
  [[92mPASS[0m] Admin category list
  [[92mPASS[0m] Admin user list

== Test 3: User Registration ==
  [[92mPASS[0m] Register page loads
  [[92mPASS[0m] Author registration redirects -- location=/login/
  [[92mPASS[0m] Author user created in DB
  [[92mPASS[0m] Author role is 'author'
  [[92mPASS[0m] Author profile auto-created (signal)
  [[92mPASS[0m] Reader registration redirects
  [[92mPASS[0m] Reader user created in DB

== Test 4: Login ==
  [[92mPASS[0m] Author login succeeds
  [[92mPASS[0m] Reader login succeeds

== Test 5: Create Post (Author Only) ==
  [[92mPASS[0m] Author can access create form
  [[92mPASS[0m] Free post creation redirects -- status=302, location=/post/test-post-free-access/
  [[92mPASS[0m] Free post exists in DB
  [[92mPASS[0m] Post slug generated correctly
  [[92mPASS[0m] Post author set correctly
  [[92mPASS[0m] Post status is published
  [[92mPASS[0m] Post access_level is free
  [[92mPASS[0m] Excerpt auto-generated
  [[92mPASS[0m] Reading time works
  [[92mPASS[0m] Tags assigned -- tags=['automation', 'test']
  [[92mPASS[0m] Premium post created
  [[92mPASS[0m] Premium access_level set

== Test 6: Post Detail & View Count ==
  [[92mPASS[0m] Free post detail returns 200
  [[92mPASS[0m] Post title in response
  [[92mPASS[0m] View count incremented -- 0 -> 2
  [[92mPASS[0m] View count increments again -- 2 -> 4

== Test 7: Search & Category Filter ==
  [[92mPASS[0m] Search returns 200
  [[92mPASS[0m] Tag filter returns 200
  [[92mPASS[0m] Category page returns 200 -- category=web-development

== Test 8: Like Post ==
  [[92mPASS[0m] Like API returns 200
  [[92mPASS[0m] Like returns JSON with 'liked' -- data={'liked': True, 'count': 1}
  [[92mPASS[0m] Like created
  [[92mPASS[0m] Unlike toggles -- data={'liked': False, 'count': 0}

== Test 9: Bookmark Post ==
  [[92mPASS[0m] Bookmark API returns 200
  [[92mPASS[0m] Bookmark created
  [[92mPASS[0m] Bookmarks page returns 200
  [[92mPASS[0m] Bookmarked post in list
  [[92mPASS[0m] Bookmark removed (toggle)

== Test 10: Add Comment ==
  [[92mPASS[0m] Comment submission redirects
  [[92mPASS[0m] Comment saved in DB
  [[92mPASS[0m] Comment author correct
  [[92mPASS[0m] Comment visible on post page

== Test 11: Premium Content Paywall ==
  [[92mPASS[0m] Premium post loads for anonymous
  [[92mPASS[0m] Paywall shown to anonymous
  [[91mFAIL[0m] Full content hidden from anonymous
  [[92mPASS[0m] Paywall shown to unsubscribed reader
  [[91mFAIL[0m] Full content hidden from reader
  [[92mPASS[0m] Author sees own premium content

== Test 12: Subscription Flow ==
  [[92mPASS[0m] Subscribe page loads
  [[92mPASS[0m] Subscription processes
  [[92mPASS[0m] Profile is_subscribed = True
  [[92mPASS[0m] Subscription end date set
  [[92mPASS[0m] End date is +30 days -- end=2026-03-30
  [[92mPASS[0m] Subscribed reader sees premium content

== Test 13: Permission Guards ==
  [[92mPASS[0m] Reader blocked from create (403) -- status=403
  [[92mPASS[0m] Reader blocked from edit (403) -- status=403
  [[92mPASS[0m] Reader blocked from delete (403) -- status=403
  [[92mPASS[0m] Anonymous redirected from create
  [[92mPASS[0m] Anonymous redirected from bookmarks
  [[92mPASS[0m] Anonymous redirected from profile
  [[92mPASS[0m] Anonymous redirected from subscribe

== Test 14: Profile Page ==
  [[92mPASS[0m] Profile page returns 200
  [[92mPASS[0m] Profile shows username

== Test 15: Edit Post ==
  [[92mPASS[0m] Edit form loads
  [[91mFAIL[0m] Post update redirects
  [[91mFAIL[0m] Title updated in DB

== Test 16: Delete Post ==
  [[92mPASS[0m] Delete confirm page loads
  [[92mPASS[0m] Delete redirects
  [[92mPASS[0m] Post deleted from DB
  [[92mPASS[0m] Deleted post returns 404
  [[92mPASS[0m] Premium test post cleaned up

== Test 17: Seeded Data ==
  [[92mPASS[0m] Categories seeded -- count=6
  [[92mPASS[0m] Categories list -- ['AI & Machine Learning', 'Career & Productivity', 'DevOps & Cloud', 'Mobile Development', 'UI/UX Design', 'Web Development']

== Test 18: Django System Check ==
  [[92mPASS[0m] System check passes -- System check identified no issues (0 silenced).

== Cleanup ==
  [[92mPASS[0m] Test users cleaned up

============================================================
  RESULTS: 80/84 passed, 4 failed

  Failed tests:
    X Full content hidden from anonymous
    X Full content hidden from reader
    X Post update redirects
    X Title updated in DB
============================================================

